// Jest Snapshot v1, https://goo.gl/fbAQLP

exports[`should render expense list items should render expense list with expenses 1`] = `
<div>
  <ExpenseListItem
    amount={195}
    createdAt={0}
    description="Gum"
    expense={
      Object {
        "amount": 195,
        "createdAt": 0,
        "description": "Gum",
        "id": "1",
        "note": "",
      }
    }
    id="1"
    key="1"
    note=""
  />
  <ExpenseListItem
    amount={19500}
    createdAt={-345600000}
    description="Rent"
    expense={
      Object {
        "amount": 19500,
        "createdAt": -345600000,
        "description": "Rent",
        "id": "2",
        "note": "",
      }
    }
    id="2"
    key="2"
    note=""
  />
  <ExpenseListItem
    amount={4500}
    createdAt={345600000}
    description="Credit card"
    expense={
      Object {
        "amount": 4500,
        "createdAt": 345600000,
        "description": "Credit card",
        "id": "1",
        "note": "",
      }
    }
    id="1"
    key="1"
    note=""
  />
</div>
`;

exports[`should render expense list items should render expense list with no expenses 1`] = `
<div>
  <p>
    No expenses
  </p>
</div>
`;
