// Jest Snapshot v1, https://goo.gl/fbAQLP

exports[`should render header correctly 1`] = `
<header>
  <h1>
    Expensify
  </h1>
  <NavLink
    activeClassName="active"
    ariaCurrent="true"
    to="/"
  >
    Go to the home page
  </NavLink>
  <NavLink
    activeClassName="active"
    ariaCurrent="true"
    to="/create"
  >
    Go to the create page
  </NavLink>
  <NavLink
    activeClassName="active"
    ariaCurrent="true"
    to="/help"
  >
    Go to the help page
  </NavLink>
</header>
`;
